C:/Users/Andrew/git/stm32f40xx/stm32f4xx/Inc/rcc.h:13:19:get_sysclk_frequency	4	static
../Src/spi.c:26:6:SPI_PeripheralClockControl	16	static
../Src/spi.c:60:6:SPI_DeInit	16	static
../Src/spi.c:94:6:SPI_Init	32	static
../Src/spi.c:139:6:SPI_IRQ_Config	24	static
../Src/spi.c:174:11:SPI_ReadBit	16	static
../Src/spi.c:180:11:read_status_bit	16	static
../Src/spi.c:185:11:read_control_bit	16	static
../Src/spi.c:203:14:SPI_ConfigureCRC	24	static
../Src/spi.c:243:13:isRxRequired	24	static
../Src/spi.c:282:6:SPI_Prepare	16	static
../Src/spi.c:291:14:SPI_UpdateClockPolarity	16	static
../Src/spi.c:305:13:SPI_FlushFifo	16	static
../Src/spi.c:311:11:isBIDI	16	static
../Src/spi.c:317:11:isRxOnly	16	static
../Src/spi.c:323:11:isBIDIRx	16	static
../Src/spi.c:328:11:bytes_per_frame	16	static
../Src/spi.c:333:14:SPI_MasterTransferBlocking	32	static
../Src/spi.c:441:14:SPI_MasterTransferNonBlocking	16	static
../Src/spi.c:483:6:SPI_Toggle_SSI	16	static
../Src/spi.c:490:6:SPI_SSOE_Configure	16	static
../Src/spi.c:495:6:SPI_ReceiveBlocking	24	static
../Src/spi.c:546:6:SPI_ReceiveNonBlocking	16	static
../Src/spi.c:568:21:handle_tx_interrupt	16	static
../Src/spi.c:623:13:handle_rxne_interrupt	16	static
../Src/spi.c:660:11:handle_err_interrupt	32	static
../Src/spi.c:691:6:SPI_Close_Reception	16	static
../Src/spi.c:712:6:SPI_Close_Transmission	16	static
../Src/spi.c:721:6:SPI_IRQ_Handle	24	static
../Src/spi.c:748:4:SPI_CheckTransferArgument	32	static
../Src/spi.c:807:4:SPI_InterruptConfig	24	static
../Src/spi.c:823:6:SPI_DisableInterrupts	16	static
../Src/spi.c:835:6:SPI_EnableInterrupts	16	static
../Src/spi.c:841:6:SPI_TransferAbort	16	static
../Src/spi.c:867:12:SPI_GetCurrentMode	24	static
../Src/spi.c:903:6:SPI_Disable	24	static
../Src/spi.c:963:19:SPI_ChooseBestClockFrequency	64	static
